// Vitest Snapshot v1, https://vitest.dev/guide/snapshot.html

exports[`request-path output on a fixed store > mcp hippo_context {"scope":"team:x"} 1`] = `
"Found 4 memories:

[verified] tags: t2 (strength=1.00)
fixture 18 note about schema and schema with the schema step

[verified] tags: t1 (strength=1.00)
fixture 5 note about lint and redis with the deploy step

[verified] tags: t2 (strength=1.00)
fixture 70 note about token and schema with the kafka step

[verified] tags: t1 (strength=1.00)
fixture 57 note about backup and redis with the backup step
"
`;

exports[`request-path output on a fixed store > mcp hippo_context {} 1`] = `
"Found 91 memories:

[verified] tags: error (strength=1.00)
fixture 0 note about cache and cache with the cache step

[verified] tags: t2 (strength=1.00)
fixture 10 note about token and schema with the kafka step

[verified] tags: t3 (strength=1.00)
fixture 15 note about redis and backup with the redis step

[verified] tags: t2 (strength=1.00)
fixture 18 note about schema and schema with the schema step

[verified] tags: t3 (strength=1.00)
fixture 19 note about queue and backup with the hook step

[verified] tags: t2 (strength=1.00)
fixture 2 note about kafka and schema with the token step

[verified] tags: t1 (strength=1.00)
fixture 25 note about deploy and redis with the lint step

[verified] tags: t3 (strength=1.00)
fixture 27 note about redis and backup with the redis step

[verified] tags: t3 (strength=1.00)
fixture 35 note about hook and backup with the queue step

[verified] tags: t3 (strength=1.00)
fixture 39 note about redis and backup with the redis step

[verified] tags: t3 (strength=1.00)
fixture 47 note about hook and backup with the queue step

[verified] tags: t1 (strength=1.00)
fixture 5 note about lint and redis with the deploy step

[verified] tags: t2 (strength=1.00)
fixture 50 note about kafka and schema with the token step

[verified] tags: t3 (strength=1.00)
fixture 63 note about redis and backup with the redis step

[verified] tags: error (strength=1.00)
fixture 8 note about retry and cache with the merge step

[verified] tags: secret (strength=1.00)
fixture 9 note about backup and redis with the backup step

[verified] tags: t2 (strength=1.00)
fixture 34 note about token and schema with the kafka step

[verified] (strength=1.00)
Two related fixes

- the loader must handle a null cache key before it reads the
  index file
- the loader retries twice

[verified] tags: t3 (strength=1.00)
fixture 43 note about queue and backup with the hook step

[verified] tags: t2 (strength=1.00)
fixture 26 note about kafka and schema with the token step

[verified] tags: secret (strength=1.00)
fixture 67 note about queue and backup with the hook step

[verified] tags: t3 (strength=1.00)
fixture 79 note about queue and backup with the hook step

[verified] tags: t1 (strength=1.00)
fixture 13 note about deploy and redis with the lint step

[verified] tags: t2 (strength=1.00)
fixture 46 note about token and schema with the kafka step

[verified] (strength=1.00)
global note 0 on cache for the cache team

[verified] (strength=1.00)
global note 1 on deploy for the lint team

[verified] (strength=1.00)
global note 17 on lint for the deploy team

[verified] (strength=1.00)
global note 3 on redis for the redis team

[verified] (strength=1.00)
global note 5 on lint for the deploy team

[verified] (strength=1.00)
global note 7 on queue for the hook team

[verified] (strength=1.00)
global note 9 on backup for the backup team

[verified] tags: t2 (strength=1.00)
fixture 58 note about token and schema with the kafka step

[verified] (strength=1.00)
global note 2 on kafka for the token team

[verified] tags: t1 (strength=1.00)
fixture 17 note about lint and redis with the deploy step

[verified] (strength=1.00)
global note 11 on hook for the queue team

[verified] tags: t2 (strength=1.00)
fixture 70 note about token and schema with the kafka step

[verified] tags: t2 (strength=1.00)
fixture 30 note about schema and schema with the schema step

[verified] (strength=1.00)
global note 15 on redis for the redis team

[verified] (strength=1.00)
global note 4 on merge for the retry team

[verified] (strength=1.00)
global note 19 on queue for the hook team

[verified] (strength=1.00)
global note 21 on backup for the backup team

[verified] (strength=1.00)
global note 23 on hook for the queue team

[verified] (strength=1.00)
global note 25 on deploy for the lint team

[verified] tags: t2 (strength=1.00)
fixture 62 note about kafka and schema with the token step

[verified] (strength=1.00)
global note 29 on lint for the deploy team

[verified] (strength=1.00)
global note 31 on queue for the hook team

[verified] (strength=1.00)
global note 33 on backup for the backup team

[verified] (strength=1.00)
global note 35 on hook for the queue team

[verified] (strength=1.00)
global note 8 on retry for the merge team

[verified] (strength=1.00)
global note 37 on deploy for the lint team

[verified] (strength=1.00)
global note 39 on redis for the redis team

[verified] (strength=1.00)
global note 10 on token for the kafka team

[verified] (strength=1.00)
global note 12 on cache for the cache team

[verified] (strength=1.00)
global note 14 on kafka for the token team

[verified] (strength=1.00)
global note 16 on merge for the retry team

[verified] tags: t2 (strength=1.00)
fixture 78 note about schema and schema with the schema step

[verified] tags: t0 (strength=1.00)
fixture 12 note about cache and cache with the cache step

[verified] (strength=1.00)
global note 18 on schema for the schema team

[verified] (strength=1.00)
global note 22 on token for the kafka team

[verified] (strength=1.00)
global note 24 on cache for the cache team

[verified] tags: t1 (strength=1.00)
fixture 45 note about backup and redis with the backup step

[verified] (strength=1.00)
global note 26 on kafka for the token team

[verified] tags: t2 (strength=0.41)
fixture 22 note about token and schema with the kafka step

[verified] tags: t3 (strength=0.40)
fixture 55 note about queue and backup with the hook step

[verified] (strength=1.00)
global note 28 on merge for the retry team

[verified] (strength=1.00)
global note 30 on schema for the schema team

[verified] tags: t1 (strength=1.00)
fixture 49 note about deploy and redis with the lint step

[verified] tags: error (strength=1.00)
fixture 16 note about merge and cache with the retry step

[verified] (strength=1.00)
global note 32 on retry for the merge team

[verified] (strength=1.00)
global note 36 on cache for the cache team

[verified] tags: t0 (strength=1.00)
fixture 28 note about merge and cache with the retry step

[verified] (strength=1.00)
global note 38 on kafka for the token team

[verified] tags: error (strength=1.00)
fixture 24 note about cache and cache with the cache step

[verified] tags: t2 (strength=0.24)
fixture 66 note about schema and schema with the schema step

[verified] tags: t1 (strength=1.00)
fixture 53 note about lint and redis with the deploy step

[verified] tags: t1 (strength=1.00)
fixture 57 note about backup and redis with the backup step

[verified] tags: t1 (strength=0.14)
fixture 33 note about backup and redis with the backup step

[verified] tags: t1 (strength=1.00)
fixture 77 note about lint and redis with the deploy step

[verified] tags: t1 (strength=1.00)
fixture 65 note about lint and redis with the deploy step

[verified] tags: error (strength=1.00)
fixture 32 note about retry and cache with the merge step

[verified] tags: t0 (strength=1.00)
fixture 36 note about cache and cache with the cache step

[verified] tags: t1 (strength=1.00)
fixture 73 note about deploy and redis with the lint step

[verified] tags: error (strength=1.00)
fixture 40 note about merge and cache with the retry step

[verified] tags: error (strength=1.00)
fixture 56 note about retry and cache with the merge step

[verified] tags: error (strength=1.00)
fixture 48 note about cache and cache with the cache step

[verified] tags: t0 (strength=1.00)
fixture 52 note about merge and cache with the retry step

[verified] tags: error (strength=1.00)
fixture 64 note about merge and cache with the retry step

[verified] tags: t0 (strength=1.00)
fixture 68 note about retry and cache with the merge step

[verified] tags: error (strength=1.00)
fixture 72 note about cache and cache with the cache step

[verified] tags: t0 (strength=1.00)
fixture 60 note about cache and cache with the cache step

[verified] tags: t0 (strength=1.00)
fixture 76 note about merge and cache with the retry step
"
`;

exports[`request-path output on a fixed store > mcp hippo_learn skips texts the store already holds, including inside a merged row 1`] = `
{
  "added": [
    "bump the redis client to the next minor",
    "refresh the token before the queue worker retries",
  ],
  "out": "Git learn: 2 new, 2 duplicates skipped (scanned 7 days)",
}
`;

exports[`request-path output on a fixed store > mcp hippo_peers {} 1`] = `
"projB: 11 memories (latest: 2026-06-01)
unknown: 10 memories (latest: 2026-05-31)
proj0: 4 memories (latest: 2026-06-01)
proj3: 3 memories (latest: 2026-05-31)
proj1: 3 memories (latest: 2026-05-29)
global-cli: 2 memories (latest: 2026-05-30)
proj2: 2 memories (latest: 2026-05-27)"
`;

exports[`request-path output on a fixed store > mcp hippo_status {} 1`] = `
"Memories: 76 (4 pinned, 10 errors)
Avg strength: 0.62
At risk (<0.1): 10
Open conflicts: 0
Half-life default: 365d"
`;
